// Jest Snapshot v1, https://goo.gl/fbAQLP

exports[`Button has a snapshot 1`] = `
<styled.button
  aria-pressed={false}
  disabled={false}
>
  Test
</styled.button>
`;
