// Jest Snapshot v1, https://goo.gl/fbAQLP

exports[`LoadingSpinner has a snapshot 1`] = `
<styled.div>
  <styled.div />
</styled.div>
`;
