// Jest Snapshot v1, https://goo.gl/fbAQLP

exports[`CardControls has a snapshot 1`] = `ShallowWrapper {}`;
