// Jest Snapshot v1, https://goo.gl/fbAQLP

exports[`Headline has a snapshot 1`] = `
<styled.h1>
  Test
</styled.h1>
`;
